Reading package lists...
Building dependency tree...
Reading state information...
The following additional packages will be installed:
  libavahi-common-dev libdbus-1-dev
The following NEW packages will be installed:
  libavahi-client-dev libavahi-common-dev libdbus-1-dev
0 upgraded, 3 newly installed, 0 to remove and 220 not upgraded.
Need to get 333 kB of archives.
After this operation, 1496 kB of additional disk space will be used.
Get:1 http://deb.debian.org/debian trixie/main arm64 libavahi-common-dev arm64 0.8-16 [60.0 kB]
Get:2 http://deb.debian.org/debian trixie/main arm64 libdbus-1-dev arm64 1.16.2-2 [216 kB]
Get:3 http://deb.debian.org/debian trixie/main arm64 libavahi-client-dev arm64 0.8-16 [57.5 kB]
debconf: unable to initialize frontend: Dialog
debconf: (Dialog frontend will not work on a dumb terminal, an emacs shell buffer, or without a controlling terminal.)
debconf: falling back to frontend: Readline
debconf: unable to initialize frontend: Readline
debconf: (This frontend requires a controlling tty.)
debconf: falling back to frontend: Teletype
debconf: unable to initialize frontend: Teletype
debconf: (This frontend requires a controlling tty.)
debconf: falling back to frontend: Noninteractive
Fetched 333 kB in 6s (59.1 kB/s)
Selecting previously unselected package libavahi-common-dev:arm64.
(Reading database ...
(Reading database ... 5%
(Reading database ... 10%
(Reading database ... 15%
(Reading database ... 20%
(Reading database ... 25%
(Reading database ... 30%
(Reading database ... 35%
(Reading database ... 40%
(Reading database ... 45%
(Reading database ... 50%
(Reading database ... 55%
(Reading database ... 60%
(Reading database ... 65%
(Reading database ... 70%
(Reading database ... 75%
(Reading database ... 80%
(Reading database ... 85%
(Reading database ... 90%
(Reading database ... 95%
(Reading database ... 100%
(Reading database ... 182822 files and directories currently installed.)
Preparing to unpack .../libavahi-common-dev_0.8-16_arm64.deb ...
Unpacking libavahi-common-dev:arm64 (0.8-16) ...
Selecting previously unselected package libdbus-1-dev:arm64.
Preparing to unpack .../libdbus-1-dev_1.16.2-2_arm64.deb ...
Unpacking libdbus-1-dev:arm64 (1.16.2-2) ...
Selecting previously unselected package libavahi-client-dev:arm64.
Preparing to unpack .../libavahi-client-dev_0.8-16_arm64.deb ...
Unpacking libavahi-client-dev:arm64 (0.8-16) ...
Setting up libdbus-1-dev:arm64 (1.16.2-2) ...
Setting up libavahi-common-dev:arm64 (0.8-16) ...
Processing triggers for sgml-base (1.31+nmu1) ...
Setting up libavahi-client-dev:arm64 (0.8-16) ...

Failed to check for processor microcode upgrades.

No services need to be restarted.

No containers need to be restarted.

No user sessions are running outdated binaries.

No VM guests are running outdated hypervisor (qemu) binaries on this host.
