
> wsprrypi-ui@0.0.0 test:unit
> npm run test:manifest && node tests/rp1_route_ui_test.js && node tests/wtp_ui_test.js && node tests/cw_timing_state_test.js && node tests/responsive_shell_logs_test.js && node tests/spots_hardening_test.js && node tests/network_safety_ui_test.js && node tests/support_bundle_ui_test.js && node tests/support_intake_ui_harness_test.js && node tests/wspr_band_frequency_correlation_test.js && php tests/gpio_dropdown_test.php && php tests/spot_menu_test.php


> wsprrypi-ui@0.0.0 test:manifest
> python3 tests/ui_manifest_test.py && python3 tests/ui_installation_classification_test.py && php tests/ui_identity_test.php && python3 tests/ui_identity_http_integration_test.py

.......
----------------------------------------------------------------------
Ran 7 tests in 0.015s

OK
..........
----------------------------------------------------------------------
Ran 10 tests in 0.018s

OK
ui_identity_test passed
ui_identity_http_integration_test passed
rp1_route_ui_test passed
runtime route UI behavior: PASS
WTP UI console boolean, reload reset, legacy preference isolation, polling, validation and draft-preservation tests passed
cw_timing_state_test passed
responsive_shell_logs_test passed
spots_hardening_test passed
network_safety_ui_test passed
support_bundle_ui_test passed
support_intake_ui_harness_test passed
wspr_band_frequency_correlation_test passed
gpio_dropdown_test passed
spot_menu_test passed
