Cloning into '/home/pi/precompiled-avahi-build.Ilbhvf/source'...
Get:1 http://deb.debian.org/debian trixie/main arm64 libavahi-client-dev arm64 0.8-16 [57.5 kB]
Get:2 http://deb.debian.org/debian trixie/main arm64 libavahi-client3 arm64 0.8-16 [46.7 kB]
Get:3 http://deb.debian.org/debian trixie/main arm64 libavahi-common-dev arm64 0.8-16 [60.0 kB]
Get:4 http://deb.debian.org/debian trixie/main arm64 libavahi-common3 arm64 0.8-16 [43.3 kB]
Fetched 208 kB in 5s (38.6 kB/s)
Package avahi-client was not found in the pkg-config search path.
Perhaps you should add the directory containing `avahi-client.pc'
to the PKG_CONFIG_PATH environment variable
Package 'avahi-client', required by 'virtual:world', not found
Package avahi-client was not found in the pkg-config search path.
Perhaps you should add the directory containing `avahi-client.pc'
to the PKG_CONFIG_PATH environment variable
Package 'avahi-client', required by 'virtual:world', not found
build metadata updated: build/generated/build_metadata.hpp
Package avahi-client was not found in the pkg-config search path.
Perhaps you should add the directory containing `avahi-client.pc'
to the PKG_CONFIG_PATH environment variable
Package 'avahi-client', required by 'virtual:world', not found
Package avahi-client was not found in the pkg-config search path.
Perhaps you should add the directory containing `avahi-client.pc'
to the PKG_CONFIG_PATH environment variable
Package 'avahi-client', required by 'virtual:world', not found
build metadata unchanged: build/generated/build_metadata.hpp
backend capabilities updated: build/generated/backend_capabilities.hpp
Compiling (release) wtp_integration/application.cpp into build/obj/release/rpi-gpio+rp1-gpclk+si5351+simulated+ancillary-gpio1/wtp_integration/application.o
Compiling (release) wtp_integration/backend.cpp into build/obj/release/rpi-gpio+rp1-gpclk+si5351+simulated+ancillary-gpio1/wtp_integration/backend.o
Compiling (release) wtp_integration/browser_api.cpp into build/obj/release/rpi-gpio+rp1-gpclk+si5351+simulated+ancillary-gpio1/wtp_integration/browser_api.o
Compiling (release) wtp_integration/catalog.cpp into build/obj/release/rpi-gpio+rp1-gpclk+si5351+simulated+ancillary-gpio1/wtp_integration/catalog.o
Compiling (release) wtp_integration/discovery.cpp into build/obj/release/rpi-gpio+rp1-gpclk+si5351+simulated+ancillary-gpio1/wtp_integration/discovery.o
Compiling (release) wtp_integration/discovery_avahi.cpp into build/obj/release/rpi-gpio+rp1-gpclk+si5351+simulated+ancillary-gpio1/wtp_integration/discovery_avahi.o
Compiling (release) wtp_integration/execution_plan.cpp into build/obj/release/rpi-gpio+rp1-gpclk+si5351+simulated+ancillary-gpio1/wtp_integration/execution_plan.o
Compiling (release) wtp_integration/fleet_runtime.cpp into build/obj/release/rpi-gpio+rp1-gpclk+si5351+simulated+ancillary-gpio1/wtp_integration/fleet_runtime.o
Compiling (release) wtp_integration/fleet_schedule.cpp into build/obj/release/rpi-gpio+rp1-gpclk+si5351+simulated+ancillary-gpio1/wtp_integration/fleet_schedule.o
Compiling (release) wtp_integration/fleet_store.cpp into build/obj/release/rpi-gpio+rp1-gpclk+si5351+simulated+ancillary-gpio1/wtp_integration/fleet_store.o
Compiling (release) wtp_integration/identity_probe.cpp into build/obj/release/rpi-gpio+rp1-gpclk+si5351+simulated+ancillary-gpio1/wtp_integration/identity_probe.o
Compiling (release) wtp_integration/network_http.cpp into build/obj/release/rpi-gpio+rp1-gpclk+si5351+simulated+ancillary-gpio1/wtp_integration/network_http.o
Compiling (release) wtp_integration/output_lease.cpp into build/obj/release/rpi-gpio+rp1-gpclk+si5351+simulated+ancillary-gpio1/wtp_integration/output_lease.o
Compiling (release) wtp_integration/pi_status_client.cpp into build/obj/release/rpi-gpio+rp1-gpclk+si5351+simulated+ancillary-gpio1/wtp_integration/pi_status_client.o
Compiling (release) wtp_integration/plain_tcp.cpp into build/obj/release/rpi-gpio+rp1-gpclk+si5351+simulated+ancillary-gpio1/wtp_integration/plain_tcp.o
Compiling (release) wtp_integration/scheduler.cpp into build/obj/release/rpi-gpio+rp1-gpclk+si5351+simulated+ancillary-gpio1/wtp_integration/scheduler.o
Compiling (release) wtp_integration/status.cpp into build/obj/release/rpi-gpio+rp1-gpclk+si5351+simulated+ancillary-gpio1/wtp_integration/status.o
Compiling (release) wtp_integration/tls.cpp into build/obj/release/rpi-gpio+rp1-gpclk+si5351+simulated+ancillary-gpio1/wtp_integration/tls.o
Compiling (release) wtp_integration/usb_cdc.cpp into build/obj/release/rpi-gpio+rp1-gpclk+si5351+simulated+ancillary-gpio1/wtp_integration/usb_cdc.o
Compiling (release) WTP-Client/src/codec.cpp into build/obj/release/rpi-gpio+rp1-gpclk+si5351+simulated+ancillary-gpio1/WTP-Client/src/codec.o
Compiling (release) WTP-Client/src/frame_parser.cpp into build/obj/release/rpi-gpio+rp1-gpclk+si5351+simulated+ancillary-gpio1/WTP-Client/src/frame_parser.o
Compiling (release) WTP-Client/src/session.cpp into build/obj/release/rpi-gpio+rp1-gpclk+si5351+simulated+ancillary-gpio1/WTP-Client/src/session.o
Compiling (release) WTP-Client/src/wire.cpp into build/obj/release/rpi-gpio+rp1-gpclk+si5351+simulated+ancillary-gpio1/WTP-Client/src/wire.o
Compiling (release) WTP-Client/src/detail/json.cpp into build/obj/release/rpi-gpio+rp1-gpclk+si5351+simulated+ancillary-gpio1/WTP-Client/src/detail/json.o
Compiling (release) WTP-Server/src/codec.cpp into build/obj/release/rpi-gpio+rp1-gpclk+si5351+simulated+ancillary-gpio1/WTP-Server/src/codec.o
Compiling (release) WTP-Server/src/endpoint.cpp into build/obj/release/rpi-gpio+rp1-gpclk+si5351+simulated+ancillary-gpio1/WTP-Server/src/endpoint.o
Compiling (release) WTP-Server/src/frame_parser.cpp into build/obj/release/rpi-gpio+rp1-gpclk+si5351+simulated+ancillary-gpio1/WTP-Server/src/frame_parser.o
Compiling (release) WTP-Server/src/inhibited_rf_engine.cpp into build/obj/release/rpi-gpio+rp1-gpclk+si5351+simulated+ancillary-gpio1/WTP-Server/src/inhibited_rf_engine.o
Compiling (release) WTP-Server/src/job_service.cpp into build/obj/release/rpi-gpio+rp1-gpclk+si5351+simulated+ancillary-gpio1/WTP-Server/src/job_service.o
Compiling (release) WTP-Server/src/json.cpp into build/obj/release/rpi-gpio+rp1-gpclk+si5351+simulated+ancillary-gpio1/WTP-Server/src/json.o
Compiling (release) WTP-Server/src/sha256.cpp into build/obj/release/rpi-gpio+rp1-gpclk+si5351+simulated+ancillary-gpio1/WTP-Server/src/sha256.o
Compiling (release) wtp_endpoint/authority.cpp into build/obj/release/rpi-gpio+rp1-gpclk+si5351+simulated+ancillary-gpio1/wtp_endpoint/authority.o
Compiling (release) wtp_endpoint/dns_sd_publisher.cpp into build/obj/release/rpi-gpio+rp1-gpclk+si5351+simulated+ancillary-gpio1/wtp_endpoint/dns_sd_publisher.o
Compiling (release) wtp_endpoint/identity.cpp into build/obj/release/rpi-gpio+rp1-gpclk+si5351+simulated+ancillary-gpio1/wtp_endpoint/identity.o
Compiling (release) wtp_endpoint/interface_selection.cpp into build/obj/release/rpi-gpio+rp1-gpclk+si5351+simulated+ancillary-gpio1/wtp_endpoint/interface_selection.o
Compiling (release) wtp_endpoint/plain_listener.cpp into build/obj/release/rpi-gpio+rp1-gpclk+si5351+simulated+ancillary-gpio1/wtp_endpoint/plain_listener.o
Compiling (release) wtp_endpoint/revocation_journal.cpp into build/obj/release/rpi-gpio+rp1-gpclk+si5351+simulated+ancillary-gpio1/wtp_endpoint/revocation_journal.o
Compiling (release) wtp_endpoint/runtime.cpp into build/obj/release/rpi-gpio+rp1-gpclk+si5351+simulated+ancillary-gpio1/wtp_endpoint/runtime.o
Compiling (release) wtp_endpoint/system_clock.cpp into build/obj/release/rpi-gpio+rp1-gpclk+si5351+simulated+ancillary-gpio1/wtp_endpoint/system_clock.o
Compiling (release) wtp_endpoint/tone_engine.cpp into build/obj/release/rpi-gpio+rp1-gpclk+si5351+simulated+ancillary-gpio1/wtp_endpoint/tone_engine.o
Compiling (release) wtp_endpoint/si5351_bridge.cpp into build/obj/release/rpi-gpio+rp1-gpclk+si5351+simulated+ancillary-gpio1/wtp_endpoint/si5351_bridge.o
Compiling (release) wtp_endpoint/si5351_realization.cpp into build/obj/release/rpi-gpio+rp1-gpclk+si5351+simulated+ancillary-gpio1/wtp_endpoint/si5351_realization.o
Compiling (release) web_server_admin_routes.cpp into build/obj/release/rpi-gpio+rp1-gpclk+si5351+simulated+ancillary-gpio1/./web_server_admin_routes.o
Compiling (release) web_server_control_routes.cpp into build/obj/release/rpi-gpio+rp1-gpclk+si5351+simulated+ancillary-gpio1/./web_server_control_routes.o
Compiling (release) arg_parser_runtime.cpp into build/obj/release/rpi-gpio+rp1-gpclk+si5351+simulated+ancillary-gpio1/./arg_parser_runtime.o
Compiling (release) support_bundle_collector_executor.cpp into build/obj/release/rpi-gpio+rp1-gpclk+si5351+simulated+ancillary-gpio1/./support_bundle_collector_executor.o
Compiling (release) support_request_guard.cpp into build/obj/release/rpi-gpio+rp1-gpclk+si5351+simulated+ancillary-gpio1/./support_request_guard.o
Compiling (release) band_lookup.cpp into build/obj/release/rpi-gpio+rp1-gpclk+si5351+simulated+ancillary-gpio1/./band_lookup.o
Compiling (release) transmitter_runtime_bridge.cpp into build/obj/release/rpi-gpio+rp1-gpclk+si5351+simulated+ancillary-gpio1/./transmitter_runtime_bridge.o
Compiling (release) logging.cpp into build/obj/release/rpi-gpio+rp1-gpclk+si5351+simulated+ancillary-gpio1/./logging.o
Compiling (release) web_socket.cpp into build/obj/release/rpi-gpio+rp1-gpclk+si5351+simulated+ancillary-gpio1/./web_socket.o
Compiling (release) wtp_runtime_bridge.cpp into build/obj/release/rpi-gpio+rp1-gpclk+si5351+simulated+ancillary-gpio1/./wtp_runtime_bridge.o
Compiling (release) privileged_network_runtime.cpp into build/obj/release/rpi-gpio+rp1-gpclk+si5351+simulated+ancillary-gpio1/./privileged_network_runtime.o
Compiling (release) main.cpp into build/obj/release/rpi-gpio+rp1-gpclk+si5351+simulated+ancillary-gpio1/./main.o
Compiling (release) apache_privileged_network_policy.cpp into build/obj/release/rpi-gpio+rp1-gpclk+si5351+simulated+ancillary-gpio1/./apache_privileged_network_policy.o
Compiling (release) sha1.cpp into build/obj/release/rpi-gpio+rp1-gpclk+si5351+simulated+ancillary-gpio1/./sha1.o
Compiling (release) support_bundle_intake_production.cpp into build/obj/release/rpi-gpio+rp1-gpclk+si5351+simulated+ancillary-gpio1/./support_bundle_intake_production.o
Compiling (release) arg_parser_reporting.cpp into build/obj/release/rpi-gpio+rp1-gpclk+si5351+simulated+ancillary-gpio1/./arg_parser_reporting.o
Compiling (release) scheduling_test_tone.cpp into build/obj/release/rpi-gpio+rp1-gpclk+si5351+simulated+ancillary-gpio1/./scheduling_test_tone.o
Compiling (release) support_bundle_job_directory_remover.cpp into build/obj/release/rpi-gpio+rp1-gpclk+si5351+simulated+ancillary-gpio1/./support_bundle_job_directory_remover.o
Compiling (release) support_bundle_intake_runtime.cpp into build/obj/release/rpi-gpio+rp1-gpclk+si5351+simulated+ancillary-gpio1/./support_bundle_intake_runtime.o
Compiling (release) backend_http_guard.cpp into build/obj/release/rpi-gpio+rp1-gpclk+si5351+simulated+ancillary-gpio1/./backend_http_guard.o
Compiling (release) test_tone_request.cpp into build/obj/release/rpi-gpio+rp1-gpclk+si5351+simulated+ancillary-gpio1/./test_tone_request.o
Compiling (release) test_tone_frequency_plan.cpp into build/obj/release/rpi-gpio+rp1-gpclk+si5351+simulated+ancillary-gpio1/./test_tone_frequency_plan.o
Compiling (release) wspr_band_catalog_response.cpp into build/obj/release/rpi-gpio+rp1-gpclk+si5351+simulated+ancillary-gpio1/./wspr_band_catalog_response.o
Compiling (release) support_bundle_archive_digest.cpp into build/obj/release/rpi-gpio+rp1-gpclk+si5351+simulated+ancillary-gpio1/./support_bundle_archive_digest.o
Compiling (release) scheduling_config.cpp into build/obj/release/rpi-gpio+rp1-gpclk+si5351+simulated+ancillary-gpio1/./scheduling_config.o
Compiling (release) version.cpp into build/obj/release/rpi-gpio+rp1-gpclk+si5351+simulated+ancillary-gpio1/./version.o
Compiling (release) system_clock_frequency_estimate.cpp into build/obj/release/rpi-gpio+rp1-gpclk+si5351+simulated+ancillary-gpio1/./system_clock_frequency_estimate.o
Compiling (release) wtp_pi_control.cpp into build/obj/release/rpi-gpio+rp1-gpclk+si5351+simulated+ancillary-gpio1/./wtp_pi_control.o
Compiling (release) web_server.cpp into build/obj/release/rpi-gpio+rp1-gpclk+si5351+simulated+ancillary-gpio1/./web_server.o
Compiling (release) support_bundle_intake_controller.cpp into build/obj/release/rpi-gpio+rp1-gpclk+si5351+simulated+ancillary-gpio1/./support_bundle_intake_controller.o
Compiling (release) support_bundle_checksum_file.cpp into build/obj/release/rpi-gpio+rp1-gpclk+si5351+simulated+ancillary-gpio1/./support_bundle_checksum_file.o
Compiling (release) web_server_config_http.cpp into build/obj/release/rpi-gpio+rp1-gpclk+si5351+simulated+ancillary-gpio1/./web_server_config_http.o
Compiling (release) web_socket_commands.cpp into build/obj/release/rpi-gpio+rp1-gpclk+si5351+simulated+ancillary-gpio1/./web_socket_commands.o
Compiling (release) support_bundle_http.cpp into build/obj/release/rpi-gpio+rp1-gpclk+si5351+simulated+ancillary-gpio1/./support_bundle_http.o
Compiling (release) httplib.cpp into build/obj/release/rpi-gpio+rp1-gpclk+si5351+simulated+ancillary-gpio1/./httplib.o
Compiling (release) support_bundle_http_job_routes.cpp into build/obj/release/rpi-gpio+rp1-gpclk+si5351+simulated+ancillary-gpio1/./support_bundle_http_job_routes.o
Compiling (release) privileged_network_policy.cpp into build/obj/release/rpi-gpio+rp1-gpclk+si5351+simulated+ancillary-gpio1/./privileged_network_policy.o
Compiling (release) websocket_upgrade_guard.cpp into build/obj/release/rpi-gpio+rp1-gpclk+si5351+simulated+ancillary-gpio1/./websocket_upgrade_guard.o
Compiling (release) scheduling.cpp into build/obj/release/rpi-gpio+rp1-gpclk+si5351+simulated+ancillary-gpio1/./scheduling.o
Compiling (release) runtime_config_bridge.cpp into build/obj/release/rpi-gpio+rp1-gpclk+si5351+simulated+ancillary-gpio1/./runtime_config_bridge.o
Compiling (release) config_handler.cpp into build/obj/release/rpi-gpio+rp1-gpclk+si5351+simulated+ancillary-gpio1/./config_handler.o
Compiling (release) privileged_network_admin.cpp into build/obj/release/rpi-gpio+rp1-gpclk+si5351+simulated+ancillary-gpio1/./privileged_network_admin.o
Compiling (release) support_bundle_startup_cleanup.cpp into build/obj/release/rpi-gpio+rp1-gpclk+si5351+simulated+ancillary-gpio1/./support_bundle_startup_cleanup.o
Compiling (release) test_tone_response.cpp into build/obj/release/rpi-gpio+rp1-gpclk+si5351+simulated+ancillary-gpio1/./test_tone_response.o
Compiling (release) rp1_gpclk_route_service.cpp into build/obj/release/rpi-gpio+rp1-gpclk+si5351+simulated+ancillary-gpio1/./rp1_gpclk_route_service.o
Compiling (release) privileged_network_transaction.cpp into build/obj/release/rpi-gpio+rp1-gpclk+si5351+simulated+ancillary-gpio1/./privileged_network_transaction.o
Compiling (release) support_bundle_http_intake_routes.cpp into build/obj/release/rpi-gpio+rp1-gpclk+si5351+simulated+ancillary-gpio1/./support_bundle_http_intake_routes.o
Compiling (release) arg_parser.cpp into build/obj/release/rpi-gpio+rp1-gpclk+si5351+simulated+ancillary-gpio1/./arg_parser.o
Compiling (release) support_bundle_http_download_routes.cpp into build/obj/release/rpi-gpio+rp1-gpclk+si5351+simulated+ancillary-gpio1/./support_bundle_http_download_routes.o
Compiling (release) support_bundle_http_common.cpp into build/obj/release/rpi-gpio+rp1-gpclk+si5351+simulated+ancillary-gpio1/./support_bundle_http_common.o
Compiling (release) config_handler_serialization.cpp into build/obj/release/rpi-gpio+rp1-gpclk+si5351+simulated+ancillary-gpio1/./config_handler_serialization.o
Compiling (release) support_bundle_runtime.cpp into build/obj/release/rpi-gpio+rp1-gpclk+si5351+simulated+ancillary-gpio1/./support_bundle_runtime.o
Compiling (release) support_bundle_private_artifact.cpp into build/obj/release/rpi-gpio+rp1-gpclk+si5351+simulated+ancillary-gpio1/./support_bundle_private_artifact.o
Compiling (release) support_bundle_intake_state.cpp into build/obj/release/rpi-gpio+rp1-gpclk+si5351+simulated+ancillary-gpio1/./support_bundle_intake_state.o
Compiling (release) scheduling_runtime.cpp into build/obj/release/rpi-gpio+rp1-gpclk+si5351+simulated+ancillary-gpio1/./scheduling_runtime.o
Compiling (release) band_gpio.cpp into build/obj/release/rpi-gpio+rp1-gpclk+si5351+simulated+ancillary-gpio1/./band_gpio.o
Compiling (release) test_tone_selector_plan.cpp into build/obj/release/rpi-gpio+rp1-gpclk+si5351+simulated+ancillary-gpio1/./test_tone_selector_plan.o
Compiling (release) support_bundle_download_preparation.cpp into build/obj/release/rpi-gpio+rp1-gpclk+si5351+simulated+ancillary-gpio1/./support_bundle_download_preparation.o
Compiling (release) support_bundle_intake_retrieval.cpp into build/obj/release/rpi-gpio+rp1-gpclk+si5351+simulated+ancillary-gpio1/./support_bundle_intake_retrieval.o
Compiling (release) support_bundle_http_query_routes.cpp into build/obj/release/rpi-gpio+rp1-gpclk+si5351+simulated+ancillary-gpio1/./support_bundle_http_query_routes.o
Compiling (release) rp1_route_bridge.cpp into build/obj/release/rpi-gpio+rp1-gpclk+si5351+simulated+ancillary-gpio1/./rp1_route_bridge.o
Compiling (release) scheduling_websocket_status.cpp into build/obj/release/rpi-gpio+rp1-gpclk+si5351+simulated+ancillary-gpio1/./scheduling_websocket_status.o
Compiling (release) web_server_admin_http.cpp into build/obj/release/rpi-gpio+rp1-gpclk+si5351+simulated+ancillary-gpio1/./web_server_admin_http.o
Compiling (release) web_server_version_routes.cpp into build/obj/release/rpi-gpio+rp1-gpclk+si5351+simulated+ancillary-gpio1/./web_server_version_routes.o
Compiling (release) band_gpio_selector.cpp into build/obj/release/rpi-gpio+rp1-gpclk+si5351+simulated+ancillary-gpio1/./band_gpio_selector.o
Compiling (release) web_server_config_routes.cpp into build/obj/release/rpi-gpio+rp1-gpclk+si5351+simulated+ancillary-gpio1/./web_server_config_routes.o
Compiling (release) support_bundle_result_validator.cpp into build/obj/release/rpi-gpio+rp1-gpclk+si5351+simulated+ancillary-gpio1/./support_bundle_result_validator.o
Compiling (release) non_wspr_request_builder.cpp into build/obj/release/rpi-gpio+rp1-gpclk+si5351+simulated+ancillary-gpio1/./non_wspr_request_builder.o
Compiling (release) support_bundle_download_file.cpp into build/obj/release/rpi-gpio+rp1-gpclk+si5351+simulated+ancillary-gpio1/./support_bundle_download_file.o
Compiling (release) support_bundle_intake_validation.cpp into build/obj/release/rpi-gpio+rp1-gpclk+si5351+simulated+ancillary-gpio1/./support_bundle_intake_validation.o
Compiling (release) support_bundle_job_manager.cpp into build/obj/release/rpi-gpio+rp1-gpclk+si5351+simulated+ancillary-gpio1/./support_bundle_job_manager.o
Compiling (release) config_handler_deserialization.cpp into build/obj/release/rpi-gpio+rp1-gpclk+si5351+simulated+ancillary-gpio1/./config_handler_deserialization.o
Compiling (release) web_server_request_guard.cpp into build/obj/release/rpi-gpio+rp1-gpclk+si5351+simulated+ancillary-gpio1/./web_server_request_guard.o
Compiling (release) gpio_input.cpp into build/obj/release/rpi-gpio+rp1-gpclk+si5351+simulated+ancillary-gpio1/./gpio_input.o
Compiling (release) gpio_output.cpp into build/obj/release/rpi-gpio+rp1-gpclk+si5351+simulated+ancillary-gpio1/./gpio_output.o
Compiling (release) gpio_line_resolver.cpp into build/obj/release/rpi-gpio+rp1-gpclk+si5351+simulated+ancillary-gpio1/./gpio_line_resolver.o
Compiling (release) machine_power_control_linux.cpp into build/obj/release/rpi-gpio+rp1-gpclk+si5351+simulated+ancillary-gpio1/./machine_power_control_linux.o
Compiling (release) Mailbox/src/mailbox_revision.cpp into build/obj/release/rpi-gpio+rp1-gpclk+si5351+simulated+ancillary-gpio1/./Mailbox/src/mailbox_revision.o
Compiling (release) INI-Handler/src/ini_file.cpp into build/obj/release/rpi-gpio+rp1-gpclk+si5351+simulated+ancillary-gpio1/./INI-Handler/src/ini_file.o
Compiling (release) LCBLog/src/lcblog.cpp into build/obj/release/rpi-gpio+rp1-gpclk+si5351+simulated+ancillary-gpio1/./LCBLog/src/lcblog.o
Compiling (release) MonitorFile/src/monitorfile.cpp into build/obj/release/rpi-gpio+rp1-gpclk+si5351+simulated+ancillary-gpio1/./MonitorFile/src/monitorfile.o
Compiling (release) PPM-Manager/src/ppm_manager.cpp into build/obj/release/rpi-gpio+rp1-gpclk+si5351+simulated+ancillary-gpio1/./PPM-Manager/src/ppm_manager.o
Compiling (release) Signal-Handler/src/signal_wait.cpp into build/obj/release/rpi-gpio+rp1-gpclk+si5351+simulated+ancillary-gpio1/./Signal-Handler/src/signal_wait.o
Compiling (release) Signal-Handler/src/signal_handler.cpp into build/obj/release/rpi-gpio+rp1-gpclk+si5351+simulated+ancillary-gpio1/./Signal-Handler/src/signal_handler.o
Compiling (release) WSPR-Reference/src/wspr/wspr_ref_unpack.cpp into build/obj/release/rpi-gpio+rp1-gpclk+si5351+simulated+ancillary-gpio1/./WSPR-Reference/src/wspr/wspr_ref_unpack.o
Compiling (release) WSPR-Reference/src/wspr/wspr_ref_api.cpp into build/obj/release/rpi-gpio+rp1-gpclk+si5351+simulated+ancillary-gpio1/./WSPR-Reference/src/wspr/wspr_ref_api.o
Compiling (release) WSPR-Reference/src/wspr/wspr_ref_decoder.cpp into build/obj/release/rpi-gpio+rp1-gpclk+si5351+simulated+ancillary-gpio1/./WSPR-Reference/src/wspr/wspr_ref_decoder.o
Compiling (release) WSPR-Reference/src/wspr/wspr_ref_plan.cpp into build/obj/release/rpi-gpio+rp1-gpclk+si5351+simulated+ancillary-gpio1/./WSPR-Reference/src/wspr/wspr_ref_plan.o
Compiling (release) WSPR-Reference/src/wspr/wspr_ref_fano.cpp into build/obj/release/rpi-gpio+rp1-gpclk+si5351+simulated+ancillary-gpio1/./WSPR-Reference/src/wspr/wspr_ref_fano.o
Compiling (release) WSPR-Reference/src/wspr/wspr_ref_correlator.cpp into build/obj/release/rpi-gpio+rp1-gpclk+si5351+simulated+ancillary-gpio1/./WSPR-Reference/src/wspr/wspr_ref_correlator.o
Compiling (release) WSPR-Reference/src/wspr/wspr_ref_encoder.cpp into build/obj/release/rpi-gpio+rp1-gpclk+si5351+simulated+ancillary-gpio1/./WSPR-Reference/src/wspr/wspr_ref_encoder.o
Compiling (release) WSPR-Transmitter/src/thread_affinity.cpp into build/obj/release/rpi-gpio+rp1-gpclk+si5351+simulated+ancillary-gpio1/./WSPR-Transmitter/src/thread_affinity.o
Compiling (release) WSPR-Transmitter/src/legacy_gpio_clock_model.cpp into build/obj/release/rpi-gpio+rp1-gpclk+si5351+simulated+ancillary-gpio1/./WSPR-Transmitter/src/legacy_gpio_clock_model.o
Compiling (release) WSPR-Transmitter/src/execution_plan_compiler.cpp into build/obj/release/rpi-gpio+rp1-gpclk+si5351+simulated+ancillary-gpio1/./WSPR-Transmitter/src/execution_plan_compiler.o
Compiling (release) WSPR-Transmitter/src/rp1_gpclk_development_policy.cpp into build/obj/release/rpi-gpio+rp1-gpclk+si5351+simulated+ancillary-gpio1/./WSPR-Transmitter/src/rp1_gpclk_development_policy.o
Compiling (release) WSPR-Transmitter/src/transmission_controller.cpp into build/obj/release/rpi-gpio+rp1-gpclk+si5351+simulated+ancillary-gpio1/./WSPR-Transmitter/src/transmission_controller.o
Compiling (release) WSPR-Transmitter/src/wspr_reference_adapter.cpp into build/obj/release/rpi-gpio+rp1-gpclk+si5351+simulated+ancillary-gpio1/./WSPR-Transmitter/src/wspr_reference_adapter.o
Compiling (release) WSPR-Transmitter/src/wspr_transmit.cpp into build/obj/release/rpi-gpio+rp1-gpclk+si5351+simulated+ancillary-gpio1/./WSPR-Transmitter/src/wspr_transmit.o
Compiling (release) Mailbox/src/mailbox.cpp into build/obj/release/rpi-gpio+rp1-gpclk+si5351+simulated+ancillary-gpio1/./Mailbox/src/mailbox.o
Compiling (release) WSPR-Transmitter/src/gpio_frequency_plan.cpp into build/obj/release/rpi-gpio+rp1-gpclk+si5351+simulated+ancillary-gpio1/./WSPR-Transmitter/src/gpio_frequency_plan.o
Compiling (release) WSPR-Transmitter/src/wspr_transmit_backend_rpi.cpp into build/obj/release/rpi-gpio+rp1-gpclk+si5351+simulated+ancillary-gpio1/./WSPR-Transmitter/src/wspr_transmit_backend_rpi.o
Compiling (release) WSPR-Transmitter/src/rp1_gpclk_backend.cpp into build/obj/release/rpi-gpio+rp1-gpclk+si5351+simulated+ancillary-gpio1/./WSPR-Transmitter/src/rp1_gpclk_backend.o
Compiling (release) WSPR-Transmitter/src/rp1_gpclk_event_program.cpp into build/obj/release/rpi-gpio+rp1-gpclk+si5351+simulated+ancillary-gpio1/./WSPR-Transmitter/src/rp1_gpclk_event_program.o
Compiling (release) WSPR-Transmitter/src/rp1_gpclk_lifecycle.cpp into build/obj/release/rpi-gpio+rp1-gpclk+si5351+simulated+ancillary-gpio1/./WSPR-Transmitter/src/rp1_gpclk_lifecycle.o
Compiling (release) WSPR-Transmitter/src/rp1_gpclk_linux_provider.cpp into build/obj/release/rpi-gpio+rp1-gpclk+si5351+simulated+ancillary-gpio1/./WSPR-Transmitter/src/rp1_gpclk_linux_provider.o
Compiling (release) WSPR-Transmitter/src/rp1_gpclk_planner.cpp into build/obj/release/rpi-gpio+rp1-gpclk+si5351+simulated+ancillary-gpio1/./WSPR-Transmitter/src/rp1_gpclk_planner.o
Compiling (release) WSPR-Transmitter/src/rp1_gpclk_reconciliation.cpp into build/obj/release/rpi-gpio+rp1-gpclk+si5351+simulated+ancillary-gpio1/./WSPR-Transmitter/src/rp1_gpclk_reconciliation.o
Compiling (release) WSPR-Transmitter/src/rp1_gpclk_transition.cpp into build/obj/release/rpi-gpio+rp1-gpclk+si5351+simulated+ancillary-gpio1/./WSPR-Transmitter/src/rp1_gpclk_transition.o
Compiling (release) WSPR-Transmitter/src/rp1_gpclk_transmit_backend.cpp into build/obj/release/rpi-gpio+rp1-gpclk+si5351+simulated+ancillary-gpio1/./WSPR-Transmitter/src/rp1_gpclk_transmit_backend.o
Compiling (release) WSPR-Transmitter/src/si5351_device.cpp into build/obj/release/rpi-gpio+rp1-gpclk+si5351+simulated+ancillary-gpio1/./WSPR-Transmitter/src/si5351_device.o
Compiling (release) WSPR-Transmitter/src/si5351_planner.cpp into build/obj/release/rpi-gpio+rp1-gpclk+si5351+simulated+ancillary-gpio1/./WSPR-Transmitter/src/si5351_planner.o
Compiling (release) WSPR-Transmitter/src/wspr_transmit_backend_si5351.cpp into build/obj/release/rpi-gpio+rp1-gpclk+si5351+simulated+ancillary-gpio1/./WSPR-Transmitter/src/wspr_transmit_backend_si5351.o
Compiling (release) WSPR-Transmitter/src/simulated_transmit_backend.cpp into build/obj/release/rpi-gpio+rp1-gpclk+si5351+simulated+ancillary-gpio1/./WSPR-Transmitter/src/simulated_transmit_backend.o
Linking release: wsprrypi (libgpiod major: 2)
Release build completed successfully.
cp: cannot stat 'bin/wsprrypi': No such file or directory
